// Jest Snapshot v1, https://goo.gl/fbAQLP

exports[`Testing Progress Component... should render correctly 1`] = `
ShallowWrapper {
  Symbol(enzyme.__root__): [Circular],
  Symbol(enzyme.__unrendered__): <Progress />,
  Symbol(enzyme.__renderer__): Object {
    "batchedUpdates": [Function],
    "checkPropTypes": [Function],
    "getNode": [Function],
    "render": [Function],
    "simulateError": [Function],
    "simulateEvent": [Function],
    "unmount": [Function],
  },
  Symbol(enzyme.__node__): Object {
    "instance": null,
    "key": undefined,
    "nodeType": "host",
    "props": Object {
      "children": <div
        aria-valuemax="100"
        aria-valuemin="0"
        className="progress-bar progress-bar-striped progress-bar-animated bg-warning"
        role="progressbar"
        style={
          Object {
            "width": "undefined%",
          }
        }
      />,
      "className": "progress",
    },
    "ref": null,
    "rendered": Object {
      "instance": null,
      "key": undefined,
      "nodeType": "host",
      "props": Object {
        "aria-valuemax": "100",
        "aria-valuemin": "0",
        "aria-valuenow": undefined,
        "className": "progress-bar progress-bar-striped progress-bar-animated bg-warning",
        "role": "progressbar",
        "style": Object {
          "width": "undefined%",
        },
      },
      "ref": null,
      "rendered": null,
      "type": "div",
    },
    "type": "div",
  },
  Symbol(enzyme.__nodes__): Array [
    Object {
      "instance": null,
      "key": undefined,
      "nodeType": "host",
      "props": Object {
        "children": <div
          aria-valuemax="100"
          aria-valuemin="0"
          className="progress-bar progress-bar-striped progress-bar-animated bg-warning"
          role="progressbar"
          style={
            Object {
              "width": "undefined%",
            }
          }
        />,
        "className": "progress",
      },
      "ref": null,
      "rendered": Object {
        "instance": null,
        "key": undefined,
        "nodeType": "host",
        "props": Object {
          "aria-valuemax": "100",
          "aria-valuemin": "0",
          "aria-valuenow": undefined,
          "className": "progress-bar progress-bar-striped progress-bar-animated bg-warning",
          "role": "progressbar",
          "style": Object {
            "width": "undefined%",
          },
        },
        "ref": null,
        "rendered": null,
        "type": "div",
      },
      "type": "div",
    },
  ],
  Symbol(enzyme.__options__): Object {
    "adapter": ReactSixteenAdapter {
      "options": Object {
        "enableComponentDidUpdateOnSetState": true,
        "legacyContextMode": "parent",
        "lifecycles": Object {
          "componentDidUpdate": Object {
            "onSetState": true,
          },
          "getChildContext": Object {
            "calledByRenderer": false,
          },
          "getDerivedStateFromProps": true,
          "getSnapshotBeforeUpdate": true,
          "setState": Object {
            "skipsComponentDidUpdateOnNullish": true,
          },
        },
      },
    },
  },
}
`;
